Traceback (most recent call last):
  File "/home/hyc/LLMKernel/main.py", line 1690, in <module>
    main()
  File "/home/hyc/LLMKernel/main.py", line 1633, in main
    res = _run_single_task(task, args, batch_dir=batch_dir)
          ^^^^^^^^^^^^^^^^^^^^^^^^^^^^^^^^^^^^^^^^^^^^^^^^^
  File "/home/hyc/LLMKernel/main.py", line 1369, in _run_single_task
    metrics_df, metrics_block = _profile_kernel_ncu(
                                ^^^^^^^^^^^^^^^^^^^^
  File "/home/hyc/LLMKernel/main.py", line 649, in _profile_kernel_ncu
    csv_path = profile_bench(
               ^^^^^^^^^^^^^^
  File "/home/hyc/LLMKernel/run_ncu.py", line 175, in profile_bench
    proc = subprocess.run(cmd, env=env, text=True, capture_output=True, timeout=timeout)
           ^^^^^^^^^^^^^^^^^^^^^^^^^^^^^^^^^^^^^^^^^^^^^^^^^^^^^^^^^^^^^^^^^^^^^^^^^^^^^
  File "/home/hyc/miniconda3/envs/sglang/lib/python3.11/subprocess.py", line 550, in run
    stdout, stderr = process.communicate(input, timeout=timeout)
                     ^^^^^^^^^^^^^^^^^^^^^^^^^^^^^^^^^^^^^^^^^^^
  File "/home/hyc/miniconda3/envs/sglang/lib/python3.11/subprocess.py", line 1209, in communicate
    stdout, stderr = self._communicate(input, endtime, timeout)
                     ^^^^^^^^^^^^^^^^^^^^^^^^^^^^^^^^^^^^^^^^^^
  File "/home/hyc/miniconda3/envs/sglang/lib/python3.11/subprocess.py", line 2115, in _communicate
    ready = selector.select(timeout)
            ^^^^^^^^^^^^^^^^^^^^^^^^
  File "/home/hyc/miniconda3/envs/sglang/lib/python3.11/selectors.py", line 415, in select
    fd_event_list = self._selector.poll(timeout)
                    ^^^^^^^^^^^^^^^^^^^^^^^^^^^^
KeyboardInterrupt
Exception ignored in atexit callback: <bound method finalize._exitfunc of <class 'weakref.finalize'>>
Traceback (most recent call last):
  File "/home/hyc/miniconda3/envs/sglang/lib/python3.11/weakref.py", line 666, in _exitfunc
    f()
  File "/home/hyc/miniconda3/envs/sglang/lib/python3.11/weakref.py", line 590, in __call__
    return info.func(*info.args, **(info.kwargs or {}))
           ^^^^^^^^^^^^^^^^^^^^^^^^^^^^^^^^^^^^^^^^^^^^
  File "/home/hyc/miniconda3/envs/sglang/lib/python3.11/site-packages/torch/library.py", line 462, in _del_library
    m.reset()
KeyboardInterrupt: 
